// Jest Snapshot v1, https://goo.gl/fbAQLP

exports[`ViewParagraph testing appearance rendering normal (shapshot) 1`] = `
<div
  class="ui message"
  data-testid="Message"
>
  <div
    class="header"
  >
    mockTitle
  </div>
  <div
    class="ui divider"
  />
  <p
    class="content"
  >
    mock content first line
  </p>
  <p
    class="content"
  >
    mock content second line
  </p>
  <p
    class="content"
  >
    mock content third line
  </p>
</div>
`;
