// Jest Snapshot v1, https://goo.gl/fbAQLP

exports[`Language switcher testing Component it rendered normal way (snapshot) 1`] = `
<div>
  <div
    aria-disabled="false"
    aria-expanded="false"
    class="ui button floating dropdown"
    data-testid="dropdown"
    name="langSwitcher"
    role="listbox"
    tabindex="0"
  >
    <div
      aria-atomic="true"
      aria-live="polite"
      class="divider text"
      role="alert"
    >
      <i
        class="uk flag"
      />
    </div>
    <i
      aria-hidden="true"
      class="dropdown icon"
    />
    <div
      class="menu transition"
    >
      <div
        aria-checked="true"
        aria-selected="true"
        class="active selected item"
        role="option"
        style="pointer-events: all;"
      >
        <i
          class="uk flag"
        />
      </div>
      <div
        aria-checked="false"
        aria-selected="false"
        class="item"
        role="option"
        style="pointer-events: all;"
      >
        <i
          class="ru flag"
        />
      </div>
    </div>
  </div>
</div>
`;
