// Jest Snapshot v1, https://goo.gl/fbAQLP

exports[`App, no mocks snapshot Snapshot 1`] = `
<div>
  <div
    class="sc-bczRLJ dDhCsx"
  >
    <div
      class="sc-gsnTZi gBUWfP"
    >
      Screen width - 
      1024
    </div>
    <div
      class="sc-gsnTZi gBUWfP"
    >
      header
    </div>
    <div
      class="sc-gsnTZi gBUWfP"
    >
      hBlock
    </div>
    <div
      class="sc-gsnTZi gBUWfP"
    >
      vBlock
    </div>
    <div
      class="sc-gsnTZi gBUWfP"
    >
      Footer
    </div>
  </div>
</div>
`;
