// Jest Snapshot v1, https://goo.gl/fbAQLP

exports[`App Snapshot 1`] = `
<div
  className="sc-bczRLJ dDhCsx"
>
  <div
    className="sc-gsnTZi gBUWfP"
  >
    Screen width - 
    1024
  </div>
  <div
    className="sc-gsnTZi gBUWfP"
  >
    header
  </div>
  <div
    className="sc-gsnTZi gBUWfP"
  >
    hBlock
  </div>
  <div
    className="sc-gsnTZi gBUWfP"
  >
    vBlock
  </div>
  <div
    className="sc-gsnTZi gBUWfP"
  >
    Footer
  </div>
</div>
`;
