// Jest Snapshot v1, https://goo.gl/fbAQLP

exports[`NavBar component Snapshot 1`] = `
<Menu>
  <MenuItem>
    <Logo />
  </MenuItem>
  <MenuItem
    color="orange"
    name="Test"
  />
  <NavItem
    link="/pricelist"
    name="priceList"
    title="Menu"
  />
  <NavItem
    link="/pictures"
    name="pictures"
    title="Gallery"
  />
  <MenuMenu
    position="right"
  >
    <MenuItem
      name="login"
    >
      <Link
        to="/login"
      >
        <Button
          as="button"
        >
          Log-In
        </Button>
      </Link>
    </MenuItem>
    <MenuItem
      name="language"
    >
      <Link
        to="#"
      >
        <Language />
      </Link>
    </MenuItem>
  </MenuMenu>
</Menu>
`;
