// Jest Snapshot v1, https://goo.gl/fbAQLP

exports[`ParagraphEditor appeance rendering (snapshot) 1`] = `
<div
  class="ui segment"
  data-testid="Segment"
  style="background-color: orange;"
>
  <form
    class="ui form"
  >
    <textarea
      name="title"
      rows="1"
      style="font-size: 1.15em; font-weight: bold;"
    >
      mockTitle
    </textarea>
    <textarea
      name="content"
      rows="1"
    >
      mockContent first paragraph
second paragraph
third one
    </textarea>
  </form>
</div>
`;
