// Jest Snapshot v1, https://goo.gl/fbAQLP

exports[`NavMenuLogo appearance normal rendering (snapshot) 1`] = `
<a
  class="active item"
  data-testid="NavMenuLogo"
  href="/"
>
  <div
    class="ui mini centered middle aligned image"
  >
    <img
      alt="logo"
      src="logo.png"
    />
  </div>
</a>
`;
