// Jest Snapshot v1, https://goo.gl/fbAQLP

exports[`ConfirmPassword component testing Component testing appearance it exists and can be rendered (snapshot) 1`] = `
<div
  class="ui fluid center aligned container"
  data-testid="whole-component"
>
  <div
    class="ui center aligned middle aligned grid"
    style="height: 50vh;"
  >
    <div
      class="column"
      style="max-width: 500px;"
    >
      <h2
        class="ui teal center aligned header"
      >
        <div
          class="inline"
        >
          <i
            aria-hidden="true"
            class="utensils large icon"
          />
          confirmpassword.header
        </div>
      </h2>
      <form
        class="ui large form"
      >
        <div
          class="ui teal stacked segment"
        >
          <div
            class="ui header"
          >
            
          </div>
          <div
            class="field"
          >
            <div
              class="ui icon labeled input"
              data-testid="input-password"
            >
              <div
                class="ui label label"
                for="input-password"
                id="input-password-input-label"
              >
                confirmpassword.labels.password
              </div>
              <input
                aria-labelledby=" input-password-input-label"
                autocomplete="on"
                id="input-password"
                name="password"
                placeholder="confirmpassword.placeHolders.password"
                type="password"
                value="qwerty"
              />
              <i
                aria-hidden="true"
                class="key icon"
              />
            </div>
          </div>
          <div
            class="ui one buttons"
          >
            <div
              class="field"
            >
              <button
                class="ui teal large basic button"
                id="formik-semantic-ui-react-submit-button"
                type="submit"
              >
                confirmpassword.buttons.confirm
              </button>
            </div>
            <div
              class="or"
              data-text="confirmpassword.buttons.or"
            />
            <button
              class="ui orange large basic button"
              type="button"
            >
              confirmpassword.buttons.cancel
            </button>
          </div>
        </div>
      </form>
    </div>
  </div>
</div>
`;
